
> frontend@0.1.0 build
> next build

Ôû▓ Next.js 16.1.6 (Turbopack)
- Environments: .env.local, .env.production

  Creating an optimized production build ...
Ô£ô Compiled successfully in 16.0s
  Running TypeScript ...
  Collecting page data using 11 workers ...
  Generating static pages using 11 workers (0/54) ...
  Generating static pages using 11 workers (13/54) 
  Generating static pages using 11 workers (26/54) 
  Generating static pages using 11 workers (40/54) 
Ô£ô Generating static pages using 11 workers (54/54) in 1276.9ms
  Finalizing page optimization ...

Route (app)
Ôöî Ôùï /
Ôö£ Ôùï /_not-found
Ôö£ Ôùï /admin
Ôö£ Ôùï /admin/accounting
Ôö£ Ôùï /admin/accounting/accounts
Ôö£ ãÆ /admin/accounting/accounts/[id]/statement
Ôö£ Ôùï /admin/accounting/invoices
Ôö£ Ôùï /admin/accounting/payroll
Ôö£ Ôùï /admin/agencies
Ôö£ Ôùï /admin/agencies/deposits
Ôö£ Ôùï /admin/banks
Ôö£ Ôùï /admin/banks/virtual-pos
Ôö£ Ôùï /admin/bookings
Ôö£ ãÆ /admin/bookings/[id]
Ôö£ Ôùï /admin/extra-services
Ôö£ Ôùï /admin/live-map
Ôö£ Ôùï /admin/operation
Ôö£ Ôùï /admin/operation/operations
Ôö£ Ôùï /admin/operation/partner-transfers
Ôö£ Ôùï /admin/operation/pool
Ôö£ Ôùï /admin/partner-applications
Ôö£ Ôùï /admin/personnel
Ôö£ ãÆ /admin/personnel/[id]
Ôö£ Ôùï /admin/personnel/create
Ôö£ Ôùï /admin/settings/definitions
Ôö£ Ôùï /admin/shuttle-routes
Ôö£ Ôùï /admin/site-settings
Ôö£ Ôùï /admin/transfers
Ôö£ Ôùï /admin/users
Ôö£ Ôùï /admin/vehicle-tracking
Ôö£ Ôùï /admin/vehicle-tracking/fuel
Ôö£ Ôùï /admin/vehicle-tracking/inspection
Ôö£ Ôùï /admin/vehicle-tracking/insurance
Ôö£ Ôùï /admin/vehicle-tracking/maintenance
Ôö£ Ôùï /admin/vehicle-types
Ôö£ Ôùï /admin/vehicles
Ôö£ Ôùï /agency
Ôö£ Ôùï /agency/deposits
Ôö£ Ôùï /agency/settings
Ôö£ Ôùï /agency/transfers/bulk
Ôö£ Ôùï /agency/transfers/list
Ôö£ Ôùï /agency/transfers/new
Ôö£ Ôùï /agency/users
Ôö£ ãÆ /booking/[id]
Ôö£ Ôùï /driver
Ôö£ Ôùï /login
Ôö£ Ôùï /partner
Ôö£ ãÆ /partner/booking/[id]
Ôö£ Ôùï /partner/completed
Ôö£ Ôùï /partner/earnings
Ôö£ Ôùï /partner/pool
Ôö£ Ôùï /partner/settings
Ôö£ Ôùï /payment/fail
Ôö£ Ôùï /payment/success
Ôö£ Ôùï /register-driver
Ôö£ Ôùï /transfer/book
Ôöö Ôùï /transfer/search


Ôùï  (Static)   prerendered as static content
ãÆ  (Dynamic)  server-rendered on demand

